// Jest Snapshot v1, https://goo.gl/fbAQLP

exports[`testing Home Company Page snapshot for the Company Page  1`] = `
<div
  className="container"
  data-testid="company"
/>
`;
