// Jest Snapshot v1, https://goo.gl/fbAQLP

exports[`testing Home component snapshot for the Single Company Component  1`] = `
<li
  aria-hidden="true"
  className="col-6 col-md-3 company"
  data-testid="company"
  onClick={[Function]}
>
  <div
    className="symbol"
  />
  <div
    className="title"
  />
  <div
    className="icon"
  >
    <svg
      fill="currentColor"
      height="1em"
      stroke="currentColor"
      strokeWidth="0"
      style={
        Object {
          "color": undefined,
        }
      }
      viewBox="0 0 512 512"
      width="1em"
      xmlns="http://www.w3.org/2000/svg"
    >
      <path
        d="M256 8c137 0 248 111 248 248S393 504 256 504 8 393 8 256 119 8 256 8zM140 300h116v70.9c0 10.7 13 16.1 20.5 8.5l114.3-114.9c4.7-4.7 4.7-12.2 0-16.9l-114.3-115c-7.6-7.6-20.5-2.2-20.5 8.5V212H140c-6.6 0-12 5.4-12 12v64c0 6.6 5.4 12 12 12z"
      />
    </svg>
  </div>
</li>
`;
